---
source: crates/hir-analysis/tests/early_path_resolution.rs
expression: res
input_file: crates/hir-analysis/test_files/early_path_resolution/generic_param.fe
---
note: 
  ┌─ generic_param.fe:4:7
  │
4 │ where U: InnerTrait
  │       ^ generic_param::TraitWithGenerics::U

note: 
  ┌─ generic_param.fe:4:10
  │
4 │ where U: InnerTrait
  │          ^^^^^^^^^^ generic_param::InnerTrait

note: 
  ┌─ generic_param.fe:9:7
  │
9 │ where T: TraitWithGenerics<U>,
  │       ^ generic_param::MyS::T

note: 
  ┌─ generic_param.fe:9:10
  │
9 │ where T: TraitWithGenerics<U>,
  │          ^^^^^^^^^^^^^^^^^ generic_param::TraitWithGenerics

note: 
  ┌─ generic_param.fe:9:28
  │
9 │ where T: TraitWithGenerics<U>,
  │                            ^ generic_param::MyS::U

note: 
   ┌─ generic_param.fe:10:7
   │
10 │       U: InnerTrait
   │       ^ generic_param::MyS::U

note: 
   ┌─ generic_param.fe:10:10
   │
10 │       U: InnerTrait
   │          ^^^^^^^^^^ generic_param::InnerTrait

note: 
   ┌─ generic_param.fe:12:8
   │
12 │     x: T,
   │        ^ generic_param::MyS::T

note: 
   ┌─ generic_param.fe:13:8
   │
13 │     y: U,
   │        ^ generic_param::MyS::U
