---
source: crates/hir-analysis/tests/early_path_resolution.rs
expression: res
input_file: crates/hir-analysis/test_files/early_path_resolution/scoped_import.fe
---
note: 
  ┌─ scoped_import.fe:4:16
  │
4 │         let v: Foo
  │                ^^^ scoped_import::mod1::Foo

note: 
  ┌─ scoped_import.fe:7:12
  │
7 │     let v: Foo
  │            ^^^ scoped_import::Foo
