---
source: crates/hir-analysis/tests/import.rs
expression: res
input_file: crates/hir-analysis/test_files/imports/cycle_glob.fe
---
note: 
  ┌─ cycle_glob.fe:3:5
  │
3 │     pub use super::mod2::Bar as BarImported
  │     ^^^^^^^^^^^^^^^^^^^^^^^^^^^^^^^^^^^^^^^ cycle_glob::mod2::Bar

note: 
  ┌─ cycle_glob.fe:4:5
  │
4 │     pub use super::mod2::*
  │     ^^^^^^^^^^^^^^^^^^^^^^ cycle_glob::mod1::Foo as Foo | cycle_glob::mod2::Bar as Bar | cycle_glob::mod2::Bar as BarImported

note: 
   ┌─ cycle_glob.fe:12:5
   │
12 │     pub use super::mod1::*
   │     ^^^^^^^^^^^^^^^^^^^^^^ cycle_glob::mod1::Foo as Foo | cycle_glob::mod2::Bar as Bar | cycle_glob::mod2::Bar as BarImported
