---
source: crates/hir-analysis/tests/import.rs
expression: res
input_file: crates/hir-analysis/test_files/imports/multiple_domains.fe
---
note: 
  ┌─ multiple_domains.fe:1:1
  │
1 │ use foo::S
  │ ^^^^^^^^^^ multiple_domains::foo::S | multiple_domains::foo::S
