---
source: crates/parser2/tests/syntax_node.rs
expression: node
input_file: crates/parser2/test_files/syntax_node/structs/generics.fe
---
Root@0..563
  ItemList@0..563
    Item@0..76
      Struct@0..76
        ItemModifier@0..3
          PubKw@0..3 "pub"
        WhiteSpace@3..4 " "
        StructKw@4..10 "struct"
        WhiteSpace@10..11 " "
        Ident@11..33 "StructWithGenericParam"
        GenericParamList@33..42
          Lt@33..34 "<"
          TypeGenericParam@34..35
            Ident@34..35 "S"
          Comma@35..36 ","
          WhiteSpace@36..37 " "
          TypeGenericParam@37..38
            Ident@37..38 "T"
          Comma@38..39 ","
          WhiteSpace@39..40 " "
          TypeGenericParam@40..41
            Ident@40..41 "U"
          Gt@41..42 ">"
        Newline@42..43 "\n"
        RecordFieldDefList@43..76
          LBrace@43..44 "{"
          Newline@44..45 "\n"
          WhiteSpace@45..49 "    "
          RecordFieldDef@49..53
            Ident@49..50 "x"
            Colon@50..51 ":"
            WhiteSpace@51..52 " "
            PathType@52..53
              Path@52..53
                PathSegment@52..53
                  Ident@52..53 "S"
          Comma@53..54 ","
          Newline@54..55 "\n"
          WhiteSpace@55..59 "    "
          RecordFieldDef@59..63
            Ident@59..60 "y"
            Colon@60..61 ":"
            WhiteSpace@61..62 " "
            PathType@62..63
              Path@62..63
                PathSegment@62..63
                  Ident@62..63 "T"
          Comma@63..64 ","
          Newline@64..65 "\n"
          WhiteSpace@65..69 "    "
          RecordFieldDef@69..73
            Ident@69..70 "z"
            Colon@70..71 ":"
            WhiteSpace@71..72 " "
            PathType@72..73
              Path@72..73
                PathSegment@72..73
                  Ident@72..73 "U"
          Comma@73..74 ","
          Newline@74..75 "\n"
          RBrace@75..76 "}"
    Newline@76..78 "\n\n"
    Item@78..190
      Struct@78..190
        ItemModifier@78..81
          PubKw@78..81 "pub"
        WhiteSpace@81..82 " "
        StructKw@82..88 "struct"
        WhiteSpace@88..89 " "
        Ident@89..112 "StructWithGenericParam2"
        GenericParamList@112..147
          Lt@112..113 "<"
          Newline@113..114 "\n"
          WhiteSpace@114..118 "    "
          TypeGenericParam@118..119
            Ident@118..119 "S"
          Comma@119..120 ","
          Newline@120..121 "\n"
          WhiteSpace@121..125 "    "
          TypeGenericParam@125..138
            Ident@125..126 "T"
            TypeBoundList@126..138
              Colon@126..127 ":"
              WhiteSpace@127..128 " "
              TypeBound@128..138
                TraitRef@128..138
                  Path@128..138
                    PathSegment@128..131
                      Ident@128..131 "foo"
                    Colon2@131..133 "::"
                    PathSegment@133..138
                      Ident@133..138 "Trait"
          Comma@138..139 ","
          Newline@139..140 "\n"
          WhiteSpace@140..144 "    "
          TypeGenericParam@144..145
            Ident@144..145 "U"
          Newline@145..146 "\n"
          Gt@146..147 ">"
        WhiteSpace@147..148 " "
        RecordFieldDefList@148..190
          LBrace@148..149 "{"
          Newline@149..150 "\n"
          WhiteSpace@150..154 "    "
          RecordFieldDef@154..167
            Ident@154..155 "x"
            Colon@155..156 ":"
            WhiteSpace@156..157 " "
            PtrType@157..167
              Star@157..158 "*"
              TupleType@158..167
                LParen@158..159 "("
                PathType@159..160
                  Path@159..160
                    PathSegment@159..160
                      Ident@159..160 "S"
                Comma@160..161 ","
                WhiteSpace@161..162 " "
                PtrType@162..166
                  Star@162..163 "*"
                  PathType@163..166
                    Path@163..166
                      PathSegment@163..166
                        Ident@163..166 "i32"
                RParen@166..167 ")"
          Comma@167..168 ","
          Newline@168..169 "\n"
          WhiteSpace@169..173 "    "
          RecordFieldDef@173..177
            Ident@173..174 "y"
            Colon@174..175 ":"
            WhiteSpace@175..176 " "
            PathType@176..177
              Path@176..177
                PathSegment@176..177
                  Ident@176..177 "T"
          Comma@177..178 ","
          Newline@178..179 "\n"
          WhiteSpace@179..183 "    "
          RecordFieldDef@183..187
            Ident@183..184 "z"
            Colon@184..185 ":"
            WhiteSpace@185..186 " "
            PathType@186..187
              Path@186..187
                PathSegment@186..187
                  Ident@186..187 "U"
          Comma@187..188 ","
          Newline@188..189 "\n"
          RBrace@189..190 "}"
    Newline@190..192 "\n\n"
    Item@192..414
      Struct@192..414
        ItemModifier@192..195
          PubKw@192..195 "pub"
        WhiteSpace@195..196 " "
        StructKw@196..202 "struct"
        WhiteSpace@202..203 " "
        Ident@203..226 "StructWithGenericParam3"
        GenericParamList@226..286
          Lt@226..227 "<"
          Newline@227..228 "\n"
          WhiteSpace@228..232 "    "
          TypeGenericParam@232..258
            Ident@232..233 "S"
            TypeBoundList@233..258
              Colon@233..234 ":"
              WhiteSpace@234..235 " "
              TypeBound@235..245
                TraitRef@235..245
                  Path@235..245
                    PathSegment@235..238
                      Ident@235..238 "foo"
                    Colon2@238..240 "::"
                    PathSegment@240..245
                      Ident@240..245 "Trait"
              WhiteSpace@245..246 " "
              Plus@246..247 "+"
              WhiteSpace@247..248 " "
              TypeBound@248..258
                TraitRef@248..258
                  Path@248..258
                    PathSegment@248..251
                      Ident@248..251 "bar"
                    Colon2@251..253 "::"
                    PathSegment@253..258
                      Ident@253..258 "Trait"
          Comma@258..259 ","
          Newline@259..260 "\n"
          WhiteSpace@260..264 "    "
          TypeGenericParam@264..265
            Ident@264..265 "T"
          Comma@265..266 ","
          Newline@266..267 "\n"
          WhiteSpace@267..271 "    "
          TypeGenericParam@271..284
            Ident@271..272 "U"
            TypeBoundList@272..284
              Colon@272..273 ":"
              WhiteSpace@273..274 " "
              TypeBound@274..284
                TraitRef@274..284
                  Path@274..284
                    PathSegment@274..277
                      Ident@274..277 "bar"
                    Colon2@277..279 "::"
                    PathSegment@279..284
                      Ident@279..284 "Trait"
          Newline@284..285 "\n"
          Gt@285..286 ">"
        WhiteSpace@286..287 " "
        WhereClause@287..380
          WhereKw@287..292 "where"
          Newline@292..293 "\n"
          WhiteSpace@293..297 "    "
          WherePredicate@297..315
            PathType@297..298
              Path@297..298
                PathSegment@297..298
                  Ident@297..298 "T"
            TypeBoundList@298..315
              Colon@298..299 ":"
              WhiteSpace@299..300 " "
              TypeBound@300..306
                TraitRef@300..306
                  Path@300..306
                    PathSegment@300..306
                      Ident@300..306 "Trait1"
              WhiteSpace@306..307 " "
              Plus@307..308 "+"
              WhiteSpace@308..309 " "
              TypeBound@309..315
                TraitRef@309..315
                  Path@309..315
                    PathSegment@309..315
                      Ident@309..315 "Trait2"
          Comma@315..316 ","
          Newline@316..317 "\n"
          WhiteSpace@317..321 "    "
          WherePredicate@321..347
            PathType@321..330
              Path@321..330
                PathSegment@321..330
                  Ident@321..327 "Option"
                  GenericArgList@327..330
                    Lt@327..328 "<"
                    TypeGenericArg@328..329
                      PathType@328..329
                        Path@328..329
                          PathSegment@328..329
                            Ident@328..329 "T"
                    Gt@329..330 ">"
            TypeBoundList@330..347
              Colon@330..331 ":"
              WhiteSpace@331..332 " "
              TypeBound@332..338
                TraitRef@332..338
                  Path@332..338
                    PathSegment@332..338
                      Ident@332..338 "Trait1"
              WhiteSpace@338..339 " "
              Plus@339..340 "+"
              WhiteSpace@340..341 " "
              TypeBound@341..347
                TraitRef@341..347
                  Path@341..347
                    PathSegment@341..347
                      Ident@341..347 "Trait2"
          Comma@347..348 ","
          Newline@348..349 "\n"
          WhiteSpace@349..353 "    "
          WherePredicate@353..379
            PathType@353..362
              Path@353..362
                PathSegment@353..362
                  Ident@353..359 "Result"
                  GenericArgList@359..362
                    Lt@359..360 "<"
                    TypeGenericArg@360..361
                      PathType@360..361
                        Path@360..361
                          PathSegment@360..361
                            Ident@360..361 "U"
                    Gt@361..362 ">"
            TypeBoundList@362..379
              Colon@362..363 ":"
              WhiteSpace@363..364 " "
              TypeBound@364..370
                TraitRef@364..370
                  Path@364..370
                    PathSegment@364..370
                      Ident@364..370 "Trait2"
              WhiteSpace@370..371 " "
              Plus@371..372 "+"
              WhiteSpace@372..373 " "
              TypeBound@373..379
                TraitRef@373..379
                  Path@373..379
                    PathSegment@373..379
                      Ident@373..379 "Trait3"
          Comma@379..380 ","
        Newline@380..381 "\n"
        RecordFieldDefList@381..414
          LBrace@381..382 "{"
          Newline@382..383 "\n"
          WhiteSpace@383..387 "    "
          RecordFieldDef@387..391
            Ident@387..388 "x"
            Colon@388..389 ":"
            WhiteSpace@389..390 " "
            PathType@390..391
              Path@390..391
                PathSegment@390..391
                  Ident@390..391 "S"
          Comma@391..392 ","
          Newline@392..393 "\n"
          WhiteSpace@393..397 "    "
          RecordFieldDef@397..401
            Ident@397..398 "y"
            Colon@398..399 ":"
            WhiteSpace@399..400 " "
            PathType@400..401
              Path@400..401
                PathSegment@400..401
                  Ident@400..401 "T"
          Comma@401..402 ","
          Newline@402..403 "\n"
          WhiteSpace@403..407 "    "
          RecordFieldDef@407..411
            Ident@407..408 "z"
            Colon@408..409 ":"
            WhiteSpace@409..410 " "
            PathType@410..411
              Path@410..411
                PathSegment@410..411
                  Ident@410..411 "U"
          Comma@411..412 ","
          Newline@412..413 "\n"
          RBrace@413..414 "}"
    Newline@414..416 "\n\n"
    Item@416..563
      Struct@416..563
        ItemModifier@416..419
          PubKw@416..419 "pub"
        WhiteSpace@419..420 " "
        StructKw@420..426 "struct"
        WhiteSpace@426..427 " "
        Ident@427..432 "MyArr"
        GenericParamList@432..469
          Lt@432..433 "<"
          TypeGenericParam@433..449
            Ident@433..434 "T"
            TypeBoundList@434..449
              Colon@434..435 ":"
              WhiteSpace@435..436 " "
              TypeBound@436..449
                TraitRef@436..449
                  Path@436..449
                    PathSegment@436..439
                      Ident@436..439 "std"
                    Colon2@439..441 "::"
                    PathSegment@441..444
                      Ident@441..444 "ops"
                    Colon2@444..446 "::"
                    PathSegment@446..449
                      Ident@446..449 "Add"
          Comma@449..450 ","
          WhiteSpace@450..451 " "
          TypeGenericParam@451..452
            Ident@451..452 "U"
          Comma@452..453 ","
          WhiteSpace@453..454 " "
          ConstGenericParam@454..468
            ConstKw@454..459 "const"
            WhiteSpace@459..460 " "
            Ident@460..461 "N"
            Colon@461..462 ":"
            WhiteSpace@462..463 " "
            PathType@463..468
              Path@463..468
                PathSegment@463..468
                  Ident@463..468 "usize"
          Gt@468..469 ">"
        Newline@469..470 "\n"
        WhiteSpace@470..474 "    "
        WhereClause@474..517
          WhereKw@474..479 "where"
          Newline@479..480 "\n"
          WhiteSpace@480..488 "        "
          WherePredicate@488..517
            TupleType@488..494
              LParen@488..489 "("
              PathType@489..490
                Path@489..490
                  PathSegment@489..490
                    Ident@489..490 "T"
              Comma@490..491 ","
              WhiteSpace@491..492 " "
              PathType@492..493
                Path@492..493
                  PathSegment@492..493
                    Ident@492..493 "U"
              RParen@493..494 ")"
            TypeBoundList@494..517
              Colon@494..495 ":"
              WhiteSpace@495..496 " "
              TypeBound@496..501
                TraitRef@496..501
                  Path@496..501
                    PathSegment@496..501
                      Ident@496..501 "Trait"
              WhiteSpace@501..502 " "
              Plus@502..503 "+"
              WhiteSpace@503..504 " "
              TypeBound@504..517
                TraitRef@504..517
                  Path@504..517
                    PathSegment@504..517
                      Ident@504..509 "Trait"
                      GenericArgList@509..517
                        Lt@509..510 "<"
                        TypeGenericArg@510..513
                          PathType@510..513
                            Path@510..513
                              PathSegment@510..513
                                Ident@510..513 "i32"
                        Comma@513..514 ","
                        WhiteSpace@514..515 " "
                        TypeGenericArg@515..516
                          PathType@515..516
                            Path@515..516
                              PathSegment@515..516
                                Ident@515..516 "Y"
                        Gt@516..517 ">"
        Newline@517..518 "\n"
        RecordFieldDefList@518..563
          LBrace@518..519 "{"
          Newline@519..520 "\n"
          WhiteSpace@520..524 "    "
          RecordFieldDef@524..539
            Ident@524..531 "__inner"
            Colon@531..532 ":"
            WhiteSpace@532..533 " "
            ArrayType@533..539
              LBracket@533..534 "["
              PathType@534..535
                Path@534..535
                  PathSegment@534..535
                    Ident@534..535 "T"
              SemiColon@535..536 ";"
              WhiteSpace@536..537 " "
              PathExpr@537..538
                Path@537..538
                  PathSegment@537..538
                    Ident@537..538 "N"
              RBracket@538..539 "]"
          Comma@539..540 ","
          Newline@540..541 "\n"
          WhiteSpace@541..545 "    "
          RecordFieldDef@545..561
            Ident@545..553 "__inner2"
            Colon@553..554 ":"
            WhiteSpace@554..555 " "
            TupleType@555..561
              LParen@555..556 "("
              PathType@556..557
                Path@556..557
                  PathSegment@556..557
                    Ident@556..557 "T"
              Comma@557..558 ","
              WhiteSpace@558..559 " "
              PathType@559..560
                Path@559..560
                  PathSegment@559..560
                    Ident@559..560 "U"
              RParen@560..561 ")"
          Newline@561..562 "\n"
          RBrace@562..563 "}"

