---
source: crates/parser2/tests/error_recovery.rs
expression: node
input_file: crates/parser2/test_files/error_recovery/exprs/call.fe
---
Root@0..40
  CallExpr@0..16
    PathExpr@0..3
      Path@0..3
        PathSegment@0..3
          Ident@0..3 "foo"
    CallArgList@3..16
      LParen@3..4 "("
      CallArg@4..5
        PathExpr@4..5
          Path@4..5
            PathSegment@4..5
              Ident@4..5 "x"
      Comma@5..6 ","
      WhiteSpace@6..7 " "
      CallArg@7..8
        PathExpr@7..8
          Path@7..8
            PathSegment@7..8
              Ident@7..8 "y"
      WhiteSpace@8..9 " "
      Error@9..10
        Ident@9..10 "a"
      Comma@10..11 ","
      WhiteSpace@11..12 " "
      CallArg@12..13
        PathExpr@12..13
          Path@12..13
            PathSegment@12..13
              Ident@12..13 "z"
      WhiteSpace@13..14 " "
      Error@14..15
        SemiColon@14..15 ";"
      RParen@15..16 ")"
  Newline@16..18 "\n\n"
  CallExpr@18..39
    PathExpr@18..33
      Path@18..33
        PathSegment@18..33
          Ident@18..21 "foo"
          GenericArgList@21..33
            Lt@21..22 "<"
            TypeGenericArg@22..25
              PathType@22..25
                Path@22..25
                  PathSegment@22..25
                    Ident@22..25 "i32"
            Comma@25..26 ","
            WhiteSpace@26..27 " "
            TypeGenericArg@27..28
              PathType@27..28
                Path@27..28
                  PathSegment@27..28
                    Ident@27..28 "T"
            WhiteSpace@28..29 " "
            Error@29..30
              Ident@29..30 "E"
            Comma@30..31 ","
            WhiteSpace@31..32 " "
            Gt@32..33 ">"
    CallArgList@33..39
      LParen@33..34 "("
      CallArg@34..35
        PathExpr@34..35
          Path@34..35
            PathSegment@34..35
              Ident@34..35 "x"
      Comma@35..36 ","
      WhiteSpace@36..37 " "
      CallArg@37..38
        PathExpr@37..38
          Path@37..38
            PathSegment@37..38
              Ident@37..38 "y"
      RParen@38..39 ")"
  Newline@39..40 "\n"

