---
source: crates/parser2/tests/syntax_node.rs
expression: node
input_file: crates/parser2/test_files/syntax_node/items/enums.fe
---
Root@0..493
  ItemList@0..492
    Item@0..13
      Enum@0..13
        EnumKw@0..4 "enum"
        WhiteSpace@4..5 " "
        Ident@5..10 "Empty"
        WhiteSpace@10..11 " "
        VariantDefList@11..13
          LBrace@11..12 "{"
          RBrace@12..13 "}"
    Newline@13..15 "\n\n"
    Item@15..57
      Enum@15..57
        EnumKw@15..19 "enum"
        WhiteSpace@19..20 " "
        Ident@20..25 "Basic"
        WhiteSpace@25..26 " "
        VariantDefList@26..57
          LBrace@26..27 "{"
          Newline@27..28 "\n"
          WhiteSpace@28..32 "    "
          VariantDef@32..36
            Ident@32..36 "Unit"
          Comma@36..37 ","
          Newline@37..38 "\n"
          WhiteSpace@38..42 "    "
          VariantDef@42..55
            Ident@42..45 "Tup"
            TupleType@45..55
              LParen@45..46 "("
              PathType@46..49
                Path@46..49
                  PathSegment@46..49
                    Ident@46..49 "i32"
              Comma@49..50 ","
              WhiteSpace@50..51 " "
              PathType@51..54
                Path@51..54
                  PathSegment@51..54
                    Ident@51..54 "u32"
              RParen@54..55 ")"
          Newline@55..56 "\n"
          RBrace@56..57 "}"
    Newline@57..59 "\n\n"
    Item@59..140
      Enum@59..140
        EnumKw@59..63 "enum"
        WhiteSpace@63..64 " "
        Ident@64..78 "RecordVariants"
        WhiteSpace@78..79 " "
        VariantDefList@79..140
          LBrace@79..80 "{"
          Newline@80..81 "\n"
          WhiteSpace@81..86 "     "
          VariantDef@86..114
            Ident@86..95 "Rectangle"
            WhiteSpace@95..96 " "
            RecordFieldDefList@96..114
              LBrace@96..97 "{"
              WhiteSpace@97..98 " "
              RecordFieldDef@98..104
                Ident@98..99 "w"
                Colon@99..100 ":"
                WhiteSpace@100..101 " "
                PathType@101..104
                  Path@101..104
                    PathSegment@101..104
                      Ident@101..104 "u32"
              Comma@104..105 ","
              WhiteSpace@105..106 " "
              RecordFieldDef@106..112
                Ident@106..107 "h"
                Colon@107..108 ":"
                WhiteSpace@108..109 " "
                PathType@109..112
                  Path@109..112
                    PathSegment@109..112
                      Ident@109..112 "u32"
              WhiteSpace@112..113 " "
              RBrace@113..114 "}"
          Comma@114..115 ","
          Newline@115..116 "\n"
          WhiteSpace@116..121 "     "
          VariantDef@121..138
            Ident@121..127 "Circle"
            WhiteSpace@127..128 " "
            RecordFieldDefList@128..138
              LBrace@128..129 "{"
              WhiteSpace@129..130 " "
              RecordFieldDef@130..136
                Ident@130..131 "r"
                Colon@131..132 ":"
                WhiteSpace@132..133 " "
                PathType@133..136
                  Path@133..136
                    PathSegment@133..136
                      Ident@133..136 "u32"
              WhiteSpace@136..137 " "
              RBrace@137..138 "}"
          Newline@138..139 "\n"
          RBrace@139..140 "}"
    Newline@140..142 "\n\n"
    Item@142..202
      Enum@142..202
        EnumKw@142..146 "enum"
        WhiteSpace@146..147 " "
        Ident@147..153 "Option"
        GenericParamList@153..156
          Lt@153..154 "<"
          TypeGenericParam@154..155
            Ident@154..155 "T"
          Gt@155..156 ">"
        Newline@156..157 "\n"
        WhiteSpace@157..161 "    "
        WhereClause@161..175
          WhereKw@161..166 "where"
          WhiteSpace@166..167 " "
          WherePredicate@167..175
            PathType@167..168
              Path@167..168
                PathSegment@167..168
                  Ident@167..168 "T"
            TypeBoundList@168..175
              Colon@168..169 ":"
              WhiteSpace@169..170 " "
              TypeBound@170..175
                TraitRef@170..175
                  Path@170..175
                    PathSegment@170..175
                      Ident@170..175 "Clone"
        Newline@175..176 "\n"
        VariantDefList@176..202
          LBrace@176..177 "{"
          Newline@177..178 "\n"
          WhiteSpace@178..182 "    "
          VariantDef@182..189
            Ident@182..186 "Some"
            TupleType@186..189
              LParen@186..187 "("
              PathType@187..188
                Path@187..188
                  PathSegment@187..188
                    Ident@187..188 "T"
              RParen@188..189 ")"
          Comma@189..190 ","
          Newline@190..191 "\n"
          WhiteSpace@191..195 "    "
          VariantDef@195..199
            Ident@195..199 "None"
          Comma@199..200 ","
          Newline@200..201 "\n"
          RBrace@201..202 "}"
    Newline@202..204 "\n\n"
    Item@204..306
      Enum@204..306
        EnumKw@204..208 "enum"
        WhiteSpace@208..209 " "
        Ident@209..218 "BoundEnum"
        GenericParamList@218..247
          Lt@218..219 "<"
          TypeGenericParam@219..231
            Ident@219..220 "T"
            TypeBoundList@220..231
              Colon@220..221 ":"
              WhiteSpace@221..222 " "
              TypeBound@222..225
                TraitRef@222..225
                  Path@222..225
                    PathSegment@222..225
                      Ident@222..225 "Add"
              WhiteSpace@225..226 " "
              Plus@226..227 "+"
              WhiteSpace@227..228 " "
              TypeBound@228..231
                TraitRef@228..231
                  Path@228..231
                    PathSegment@228..231
                      Ident@228..231 "Mul"
          WhiteSpace@231..232 " "
          Comma@232..233 ","
          WhiteSpace@233..234 " "
          TypeGenericParam@234..246
            Ident@234..235 "U"
            TypeBoundList@235..246
              Colon@235..236 ":"
              WhiteSpace@236..237 " "
              TypeBound@237..240
                TraitRef@237..240
                  Path@237..240
                    PathSegment@237..240
                      Ident@237..240 "Sub"
              WhiteSpace@240..241 " "
              Plus@241..242 "+"
              WhiteSpace@242..243 " "
              TypeBound@243..246
                TraitRef@243..246
                  Path@243..246
                    PathSegment@243..246
                      Ident@243..246 "Div"
          Gt@246..247 ">"
        Newline@247..248 "\n"
        WhereClause@248..272
          WhereKw@248..253 "where"
          WhiteSpace@253..254 " "
          WherePredicate@254..272
            PathType@254..265
              Path@254..265
                PathSegment@254..257
                  Ident@254..257 "Foo"
                Colon2@257..259 "::"
                PathSegment@259..265
                  Ident@259..262 "Bar"
                  GenericArgList@262..265
                    Lt@262..263 "<"
                    TypeGenericArg@263..264
                      PathType@263..264
                        Path@263..264
                          PathSegment@263..264
                            Ident@263..264 "T"
                    Gt@264..265 ">"
            TypeBoundList@265..272
              Colon@265..266 ":"
              WhiteSpace@266..267 " "
              TypeBound@267..272
                TraitRef@267..272
                  Path@267..272
                    PathSegment@267..272
                      Ident@267..272 "Trait"
        Newline@272..273 "\n"
        VariantDefList@273..306
          LBrace@273..274 "{"
          Newline@274..275 "\n"
          WhiteSpace@275..279 "    "
          VariantDef@279..288
            Ident@279..285 "AddMul"
            TupleType@285..288
              LParen@285..286 "("
              PathType@286..287
                Path@286..287
                  PathSegment@286..287
                    Ident@286..287 "T"
              RParen@287..288 ")"
          Comma@288..289 ","
          Newline@289..290 "\n"
          WhiteSpace@290..294 "    "
          VariantDef@294..303
            Ident@294..300 "SubDiv"
            TupleType@300..303
              LParen@300..301 "("
              PathType@301..302
                Path@301..302
                  PathSegment@301..302
                    Ident@301..302 "U"
              RParen@302..303 ")"
          Comma@303..304 ","
          Newline@304..305 "\n"
          RBrace@305..306 "}"
    Newline@306..308 "\n\n"
    Item@308..434
      Enum@308..434
        EnumKw@308..312 "enum"
        WhiteSpace@312..313 " "
        Ident@313..320 "HKTEnum"
        GenericParamList@320..340
          Lt@320..321 "<"
          TypeGenericParam@321..330
            Ident@321..322 "T"
            TypeBoundList@322..330
              Colon@322..323 ":"
              WhiteSpace@323..324 " "
              TypeBound@324..330
                KindBoundAbs@324..330
                  KindBoundMono@324..325
                    Star@324..325 "*"
                  WhiteSpace@325..326 " "
                  Arrow@326..328 "->"
                  WhiteSpace@328..329 " "
                  KindBoundMono@329..330
                    Star@329..330 "*"
          Comma@330..331 ","
          WhiteSpace@331..332 " "
          TypeGenericParam@332..333
            Ident@332..333 "U"
          Comma@333..334 ","
          WhiteSpace@334..335 " "
          TypeGenericParam@335..336
            Ident@335..336 "V"
          Comma@336..337 ","
          WhiteSpace@337..338 " "
          TypeGenericParam@338..339
            Ident@338..339 "W"
          Gt@339..340 ">"
        Newline@340..341 "\n"
        WhereClause@341..416
          WhereKw@341..346 "where"
          Newline@346..347 "\n"
          WhiteSpace@347..350 "   "
          WherePredicate@350..366
            PathType@350..351
              Path@350..351
                PathSegment@350..351
                  Ident@350..351 "U"
            TypeBoundList@351..366
              Colon@351..352 ":"
              WhiteSpace@352..353 " "
              TypeBound@353..366
                KindBoundAbs@353..366
                  LParen@353..354 "("
                  KindBoundAbs@354..360
                    KindBoundMono@354..355
                      Star@354..355 "*"
                    WhiteSpace@355..356 " "
                    Arrow@356..358 "->"
                    WhiteSpace@358..359 " "
                    KindBoundMono@359..360
                      Star@359..360 "*"
                  RParen@360..361 ")"
                  WhiteSpace@361..362 " "
                  Arrow@362..364 "->"
                  WhiteSpace@364..365 " "
                  KindBoundMono@365..366
                    Star@365..366 "*"
          Comma@366..367 ","
          Newline@367..368 "\n"
          WhiteSpace@368..371 "   "
          WherePredicate@371..392
            PathType@371..372
              Path@371..372
                PathSegment@371..372
                  Ident@371..372 "V"
            TypeBoundList@372..392
              Colon@372..373 ":"
              WhiteSpace@373..374 " "
              TypeBound@374..392
                KindBoundAbs@374..392
                  KindBoundMono@374..375
                    Star@374..375 "*"
                  WhiteSpace@375..376 " "
                  Arrow@376..378 "->"
                  KindBoundAbs@378..392
                    WhiteSpace@378..379 " "
                    KindBoundMono@379..380
                      Star@379..380 "*"
                    WhiteSpace@380..381 " "
                    Arrow@381..383 "->"
                    WhiteSpace@383..384 " "
                    LParen@384..385 "("
                    KindBoundAbs@385..391
                      KindBoundMono@385..386
                        Star@385..386 "*"
                      WhiteSpace@386..387 " "
                      Arrow@387..389 "->"
                      WhiteSpace@389..390 " "
                      KindBoundMono@390..391
                        Star@390..391 "*"
                    RParen@391..392 ")"
          Comma@392..393 ","
          Newline@393..394 "\n"
          WhiteSpace@394..397 "   "
          WherePredicate@397..416
            PathType@397..398
              Path@397..398
                PathSegment@397..398
                  Ident@397..398 "W"
            TypeBoundList@398..416
              Colon@398..399 ":"
              WhiteSpace@399..400 " "
              TypeBound@400..416
                KindBoundAbs@400..416
                  KindBoundMono@400..401
                    Star@400..401 "*"
                  WhiteSpace@401..402 " "
                  Arrow@402..404 "->"
                  KindBoundAbs@404..416
                    WhiteSpace@404..405 " "
                    KindBoundMono@405..406
                      Star@405..406 "*"
                    WhiteSpace@406..407 " "
                    Arrow@407..409 "->"
                    KindBoundAbs@409..416
                      WhiteSpace@409..410 " "
                      KindBoundMono@410..411
                        Star@410..411 "*"
                      WhiteSpace@411..412 " "
                      Arrow@412..414 "->"
                      WhiteSpace@414..415 " "
                      KindBoundMono@415..416
                        Star@415..416 "*"
        Newline@416..417 "\n"
        VariantDefList@417..434
          LBrace@417..418 "{"
          Newline@418..419 "\n"
          WhiteSpace@419..423 "    "
          VariantDef@423..432
            Ident@423..426 "Foo"
            TupleType@426..432
              LParen@426..427 "("
              PathType@427..431
                Path@427..431
                  PathSegment@427..431
                    Ident@427..428 "U"
                    GenericArgList@428..431
                      Lt@428..429 "<"
                      TypeGenericArg@429..430
                        PathType@429..430
                          Path@429..430
                            PathSegment@429..430
                              Ident@429..430 "T"
                      Gt@430..431 ">"
              RParen@431..432 ")"
          Newline@432..433 "\n"
          RBrace@433..434 "}"
    Newline@434..436 "\n\n"
    Item@436..492
      Enum@436..492
        EnumKw@436..440 "enum"
        WhiteSpace@440..441 " "
        Ident@441..451 "SingleLine"
        WhiteSpace@451..452 " "
        VariantDefList@452..492
          LBrace@452..453 "{"
          WhiteSpace@453..454 " "
          VariantDef@454..455
            Ident@454..455 "A"
          Comma@455..456 ","
          WhiteSpace@456..457 " "
          VariantDef@457..458
            Ident@457..458 "B"
          Comma@458..459 ","
          WhiteSpace@459..460 " "
          VariantDef@460..479
            Ident@460..461 "C"
            WhiteSpace@461..462 " "
            RecordFieldDefList@462..479
              LBrace@462..463 "{"
              WhiteSpace@463..464 " "
              RecordFieldDef@464..470
                Ident@464..465 "x"
                Colon@465..466 ":"
                WhiteSpace@466..467 " "
                PathType@467..470
                  Path@467..470
                    PathSegment@467..470
                      Ident@467..470 "i32"
              Comma@470..471 ","
              WhiteSpace@471..472 " "
              RecordFieldDef@472..477
                Ident@472..473 "y"
                Colon@473..474 ":"
                WhiteSpace@474..475 " "
                PathType@475..477
                  Path@475..477
                    PathSegment@475..477
                      Ident@475..477 "u8"
              WhiteSpace@477..478 " "
              RBrace@478..479 "}"
          Comma@479..480 ","
          WhiteSpace@480..481 " "
          VariantDef@481..490
            Ident@481..482 "D"
            TupleType@482..490
              LParen@482..483 "("
              PathType@483..485
                Path@483..485
                  PathSegment@483..485
                    Ident@483..485 "i8"
              Comma@485..486 ","
              WhiteSpace@486..487 " "
              PathType@487..489
                Path@487..489
                  PathSegment@487..489
                    Ident@487..489 "i8"
              RParen@489..490 ")"
          WhiteSpace@490..491 " "
          RBrace@491..492 "}"
  Newline@492..493 "\n"

