---
source: crates/parser2/tests/syntax_node.rs
expression: node
input_file: crates/parser2/test_files/syntax_node/items/trait.fe
---
Root@0..652
  ItemList@0..652
    Item@0..15
      Trait@0..15
        TraitKw@0..5 "trait"
        WhiteSpace@5..6 " "
        Ident@6..12 "Marker"
        WhiteSpace@12..13 " "
        TraitItemList@13..15
          LBrace@13..14 "{"
          RBrace@14..15 "}"
    Newline@15..17 "\n\n"
    Item@17..182
      Trait@17..182
        ItemModifier@17..20
          PubKw@17..20 "pub"
        WhiteSpace@20..21 " "
        TraitKw@21..26 "trait"
        WhiteSpace@26..27 " "
        Ident@27..30 "Foo"
        WhiteSpace@30..31 " "
        TraitItemList@31..182
          LBrace@31..32 "{"
          Newline@32..33 "\n"
          WhiteSpace@33..37 "    "
          Func@37..79
            FnKw@37..39 "fn"
            WhiteSpace@39..40 " "
            Ident@40..43 "foo"
            GenericParamList@43..67
              Lt@43..44 "<"
              TypeGenericParam@44..52
                Ident@44..45 "T"
                TypeBoundList@45..52
                  Colon@45..46 ":"
                  WhiteSpace@46..47 " "
                  TypeBound@47..52
                    TraitRef@47..52
                      Path@47..52
                        PathSegment@47..52
                          Ident@47..52 "Trait"
              Comma@52..53 ","
              WhiteSpace@53..54 " "
              ConstGenericParam@54..66
                ConstKw@54..59 "const"
                WhiteSpace@59..60 " "
                Ident@60..61 "U"
                Colon@61..62 ":"
                WhiteSpace@62..63 " "
                PathType@63..66
                  Path@63..66
                    PathSegment@63..66
                      Ident@63..66 "i32"
              Gt@66..67 ">"
            FuncParamList@67..79
              LParen@67..68 "("
              FnParam@68..72
                Ident@68..69 "t"
                Colon@69..70 ":"
                WhiteSpace@70..71 " "
                PathType@71..72
                  Path@71..72
                    PathSegment@71..72
                      Ident@71..72 "T"
              Comma@72..73 ","
              WhiteSpace@73..74 " "
              FnParam@74..78
                Ident@74..75 "u"
                Colon@75..76 ":"
                WhiteSpace@76..77 " "
                PathType@77..78
                  Path@77..78
                    PathSegment@77..78
                      Ident@77..78 "U"
              RParen@78..79 ")"
          Newline@79..81 "\n\n"
          WhiteSpace@81..85 "    "
          Func@85..180
            FnKw@85..87 "fn"
            WhiteSpace@87..88 " "
            Ident@88..102 "default_method"
            GenericParamList@102..116
              Lt@102..103 "<"
              TypeGenericParam@103..115
                Ident@103..104 "T"
                TypeBoundList@104..115
                  Colon@104..105 ":"
                  WhiteSpace@105..106 " "
                  TypeBound@106..109
                    TraitRef@106..109
                      Path@106..109
                        PathSegment@106..109
                          Ident@106..109 "Add"
                  WhiteSpace@109..110 " "
                  Plus@110..111 "+"
                  WhiteSpace@111..112 " "
                  TypeBound@112..115
                    TraitRef@112..115
                      Path@112..115
                        PathSegment@112..115
                          Ident@112..115 "Sub"
              Gt@115..116 ">"
            FuncParamList@116..132
              LParen@116..117 "("
              FnParam@117..123
                Ident@117..120 "lhs"
                Colon@120..121 ":"
                WhiteSpace@121..122 " "
                PathType@122..123
                  Path@122..123
                    PathSegment@122..123
                      Ident@122..123 "T"
              Comma@123..124 ","
              WhiteSpace@124..125 " "
              FnParam@125..131
                Ident@125..128 "rhs"
                Colon@128..129 ":"
                WhiteSpace@129..130 " "
                PathType@130..131
                  Path@130..131
                    PathSegment@130..131
                      Ident@130..131 "T"
              RParen@131..132 ")"
            WhiteSpace@132..134 "  "
            Arrow@134..136 "->"
            WhiteSpace@136..137 " "
            PathType@137..140
              Path@137..140
                PathSegment@137..140
                  Ident@137..140 "i32"
            WhiteSpace@140..141 " "
            BlockExpr@141..180
              LBrace@141..142 "{"
              Newline@142..143 "\n"
              WhiteSpace@143..151 "        "
              ExprStmt@151..174
                BinExpr@151..174
                  BinExpr@151..160
                    PathExpr@151..154
                      Path@151..154
                        PathSegment@151..154
                          Ident@151..154 "lhs"
                    WhiteSpace@154..155 " "
                    Plus@155..156 "+"
                    WhiteSpace@156..157 " "
                    PathExpr@157..160
                      Path@157..160
                        PathSegment@157..160
                          Ident@157..160 "lhs"
                  WhiteSpace@160..161 " "
                  Minus@161..162 "-"
                  WhiteSpace@162..163 " "
                  ParenExpr@163..174
                    LParen@163..164 "("
                    BinExpr@164..173
                      PathExpr@164..167
                        Path@164..167
                          PathSegment@164..167
                            Ident@164..167 "rhs"
                      WhiteSpace@167..168 " "
                      Plus@168..169 "+"
                      WhiteSpace@169..170 " "
                      PathExpr@170..173
                        Path@170..173
                          PathSegment@170..173
                            Ident@170..173 "rhs"
                    RParen@173..174 ")"
              Newline@174..175 "\n"
              WhiteSpace@175..179 "    "
              RBrace@179..180 "}"
          Newline@180..181 "\n"
          RBrace@181..182 "}"
    Newline@182..184 "\n\n"
    Item@184..271
      Trait@184..271
        ItemModifier@184..187
          PubKw@184..187 "pub"
        WhiteSpace@187..188 " "
        TraitKw@188..193 "trait"
        WhiteSpace@193..194 " "
        Ident@194..197 "Add"
        GenericParamList@197..207
          Lt@197..198 "<"
          TypeGenericParam@198..206
            Ident@198..201 "RHS"
            TypeBoundList@201..206
              Colon@201..202 ":"
              WhiteSpace@202..203 " "
              TypeBound@203..206
                TraitRef@203..206
                  Path@203..206
                    PathSegment@203..206
                      Ident@203..206 "Add"
          Gt@206..207 ">"
        WhiteSpace@207..208 " "
        Newline@208..209 "\n"
        TraitItemList@209..271
          LBrace@209..210 "{"
          Newline@210..211 "\n"
          WhiteSpace@211..215 "    "
          Func@215..269
            FnKw@215..217 "fn"
            WhiteSpace@217..218 " "
            Ident@218..221 "add"
            FuncParamList@221..237
              LParen@221..222 "("
              FnParam@222..226
                SelfKw@222..226 "self"
              Comma@226..227 ","
              WhiteSpace@227..228 " "
              FnParam@228..236
                Ident@228..231 "rhs"
                Colon@231..232 ":"
                WhiteSpace@232..233 " "
                PathType@233..236
                  Path@233..236
                    PathSegment@233..236
                      Ident@233..236 "Rhs"
              RParen@236..237 ")"
            WhiteSpace@237..238 " "
            Arrow@238..240 "->"
            WhiteSpace@240..241 " "
            SelfType@241..245
              SelfTypeKw@241..245 "Self"
            WhiteSpace@245..246 " "
            Newline@246..247 "\n"
            WhiteSpace@247..255 "        "
            WhereClause@255..269
              WhereKw@255..260 "where"
              WhiteSpace@260..261 " "
              WherePredicate@261..269
                PathType@261..264
                  Path@261..264
                    PathSegment@261..264
                      Ident@261..264 "RHS"
                TypeBoundList@264..269
                  Colon@264..265 ":"
                  WhiteSpace@265..266 " "
                  TypeBound@266..269
                    TraitRef@266..269
                      Path@266..269
                        PathSegment@266..269
                          Ident@266..269 "Sub"
          Newline@269..270 "\n"
          RBrace@270..271 "}"
    Newline@271..274 "\n\n\n"
    Item@274..355
      Trait@274..355
        ItemModifier@274..277
          PubKw@274..277 "pub"
        WhiteSpace@277..278 " "
        TraitKw@278..283 "trait"
        WhiteSpace@283..284 " "
        Ident@284..289 "Parse"
        WhiteSpace@289..290 " "
        TraitItemList@290..355
          LBrace@290..291 "{"
          Newline@291..292 "\n"
          WhiteSpace@292..296 "    "
          Func@296..353
            FnKw@296..298 "fn"
            WhiteSpace@298..299 " "
            Ident@299..304 "parse"
            GenericParamList@304..320
              Lt@304..305 "<"
              TypeGenericParam@305..319
                Ident@305..306 "S"
                TypeBoundList@306..319
                  Colon@306..307 ":"
                  WhiteSpace@307..308 " "
                  TypeBound@308..319
                    TraitRef@308..319
                      Path@308..319
                        PathSegment@308..319
                          Ident@308..319 "TokenStream"
              Gt@319..320 ">"
            FuncParamList@320..353
              LParen@320..321 "("
              FnParam@321..329
                MutKw@321..324 "mut"
                WhiteSpace@324..325 " "
                SelfKw@325..329 "self"
              Comma@329..330 ","
              WhiteSpace@330..331 " "
              FnParam@331..352
                MutKw@331..334 "mut"
                WhiteSpace@334..335 " "
                Ident@335..341 "parser"
                Colon@341..342 ":"
                WhiteSpace@342..343 " "
                PathType@343..352
                  Path@343..352
                    PathSegment@343..352
                      Ident@343..349 "Parser"
                      GenericArgList@349..352
                        Lt@349..350 "<"
                        TypeGenericArg@350..351
                          PathType@350..351
                            Path@350..351
                              PathSegment@350..351
                                Ident@350..351 "S"
                        Gt@351..352 ">"
              RParen@352..353 ")"
          Newline@353..354 "\n"
          RBrace@354..355 "}"
    Newline@355..357 "\n\n"
    Item@357..592
      Impl@357..592
        ImplKw@357..361 "impl"
        GenericParamList@361..364
          Lt@361..362 "<"
          TypeGenericParam@362..363
            Ident@362..363 "S"
          Gt@363..364 ">"
        WhiteSpace@364..365 " "
        PathType@365..374
          Path@365..374
            PathSegment@365..374
              Ident@365..371 "Parser"
              GenericArgList@371..374
                Lt@371..372 "<"
                TypeGenericArg@372..373
                  PathType@372..373
                    Path@372..373
                      PathSegment@372..373
                        Ident@372..373 "S"
                Gt@373..374 ">"
        WhiteSpace@374..375 " "
        Newline@375..376 "\n"
        WhiteSpace@376..380 "    "
        WhereClause@380..408
          WhereKw@380..385 "where"
          WhiteSpace@385..386 " "
          WherePredicate@386..408
            PathType@386..387
              Path@386..387
                PathSegment@386..387
                  Ident@386..387 "S"
            TypeBoundList@387..408
              Colon@387..388 ":"
              WhiteSpace@388..389 " "
              TypeBound@389..400
                TraitRef@389..400
                  Path@389..400
                    PathSegment@389..400
                      Ident@389..400 "TokenStream"
              WhiteSpace@400..401 " "
              Plus@401..402 "+"
              WhiteSpace@402..403 " "
              TypeBound@403..408
                TraitRef@403..408
                  Path@403..408
                    PathSegment@403..408
                      Ident@403..408 "Clone"
        Newline@408..409 "\n"
        ImplItemList@409..592
          LBrace@409..410 "{"
          Newline@410..411 "\n"
          WhiteSpace@411..415 "    "
          Func@415..590
            ItemModifier@415..418
              PubKw@415..418 "pub"
            WhiteSpace@418..419 " "
            FnKw@419..421 "fn"
            WhiteSpace@421..422 " "
            Ident@422..427 "parse"
            GenericParamList@427..437
              Lt@427..428 "<"
              TypeGenericParam@428..436
                Ident@428..429 "T"
                TypeBoundList@429..436
                  Colon@429..430 ":"
                  WhiteSpace@430..431 " "
                  TypeBound@431..436
                    TraitRef@431..436
                      Path@431..436
                        PathSegment@431..436
                          Ident@431..436 "Parse"
              Gt@436..437 ">"
            FuncParamList@437..493
              LParen@437..438 "("
              FnParam@438..446
                MutKw@438..441 "mut"
                WhiteSpace@441..442 " "
                SelfKw@442..446 "self"
              Comma@446..447 ","
              WhiteSpace@447..448 " "
              FnParam@448..460
                MutKw@448..451 "mut"
                WhiteSpace@451..452 " "
                Ident@452..457 "scope"
                Colon@457..458 ":"
                WhiteSpace@458..459 " "
                PathType@459..460
                  Path@459..460
                    PathSegment@459..460
                      Ident@459..460 "T"
              Comma@460..461 ","
              WhiteSpace@461..462 " "
              FnParam@462..492
                Ident@462..472 "checkpoint"
                Colon@472..473 ":"
                WhiteSpace@473..474 " "
                PathType@474..492
                  Path@474..492
                    PathSegment@474..492
                      Ident@474..480 "Option"
                      GenericArgList@480..492
                        Lt@480..481 "<"
                        TypeGenericArg@481..491
                          PathType@481..491
                            Path@481..491
                              PathSegment@481..491
                                Ident@481..491 "Checkpoint"
                        Gt@491..492 ">"
              RParen@492..493 ")"
            WhiteSpace@493..494 " "
            Arrow@494..496 "->"
            WhiteSpace@496..497 " "
            TupleType@497..515
              LParen@497..498 "("
              PathType@498..502
                Path@498..502
                  PathSegment@498..502
                    Ident@498..502 "bool"
              Comma@502..503 ","
              WhiteSpace@503..504 " "
              PathType@504..514
                Path@504..514
                  PathSegment@504..514
                    Ident@504..514 "Checkpoint"
              RParen@514..515 ")"
            WhiteSpace@515..516 " "
            BlockExpr@516..590
              LBrace@516..517 "{"
              Newline@517..518 "\n"
              WhiteSpace@518..526 "        "
              ExprStmt@526..584
                TupleExpr@526..584
                  LParen@526..527 "("
                  CallExpr@527..570
                    PathExpr@527..547
                      Path@527..547
                        PathSegment@527..537
                          Ident@527..537 "SyntaxNode"
                        Colon2@537..539 "::"
                        PathSegment@539..547
                          Ident@539..547 "new_root"
                    CallArgList@547..570
                      LParen@547..548 "("
                      CallArg@548..569
                        MethodCallExpr@548..569
                          FieldExpr@548..560
                            PathExpr@548..552
                              Path@548..552
                                PathSegment@548..552
                                  SelfKw@548..552 "self"
                            Dot@552..553 "."
                            Ident@553..560 "builder"
                          Dot@560..561 "."
                          Ident@561..567 "finish"
                          CallArgList@567..569
                            LParen@567..568 "("
                            RParen@568..569 ")"
                      RParen@569..570 ")"
                  Comma@570..571 ","
                  WhiteSpace@571..572 " "
                  FieldExpr@572..583
                    PathExpr@572..576
                      Path@572..576
                        PathSegment@572..576
                          SelfKw@572..576 "self"
                    Dot@576..577 "."
                    Ident@577..583 "errors"
                  RParen@583..584 ")"
              Newline@584..585 "\n"
              WhiteSpace@585..589 "    "
              RBrace@589..590 "}"
          Newline@590..591 "\n"
          RBrace@591..592 "}"
    Newline@592..595 "\n\n\n"
    Item@595..652
      Trait@595..652
        ItemModifier@595..598
          PubKw@595..598 "pub"
        WhiteSpace@598..599 " "
        TraitKw@599..604 "trait"
        WhiteSpace@604..605 " "
        Ident@605..613 "SubTrait"
        GenericParamList@613..616
          Lt@613..614 "<"
          TypeGenericParam@614..615
            Ident@614..615 "T"
          Gt@615..616 ">"
        SuperTraitList@616..632
          Colon@616..617 ":"
          WhiteSpace@617..618 " "
          TraitRef@618..623
            Path@618..623
              PathSegment@618..623
                Ident@618..623 "Parse"
          WhiteSpace@623..624 " "
          Plus@624..625 "+"
          WhiteSpace@625..626 " "
          TraitRef@626..632
            Path@626..632
              PathSegment@626..632
                Ident@626..629 "Add"
                GenericArgList@629..632
                  Lt@629..630 "<"
                  TypeGenericArg@630..631
                    PathType@630..631
                      Path@630..631
                        PathSegment@630..631
                          Ident@630..631 "T"
                  Gt@631..632 ">"
        WhiteSpace@632..633 " "
        Newline@633..634 "\n"
        WhereClause@634..649
          WhereKw@634..639 "where"
          WhiteSpace@639..640 " "
          WherePredicate@640..649
            PathType@640..641
              Path@640..641
                PathSegment@640..641
                  Ident@640..641 "T"
            TypeBoundList@641..649
              Colon@641..642 ":"
              WhiteSpace@642..643 " "
              TypeBound@643..649
                TraitRef@643..649
                  Path@643..649
                    PathSegment@643..649
                      Ident@643..646 "Add"
                      GenericArgList@646..649
                        Lt@646..647 "<"
                        TypeGenericArg@647..648
                          PathType@647..648
                            Path@647..648
                              PathSegment@647..648
                                Ident@647..648 "T"
                        Gt@648..649 ">"
        Newline@649..650 "\n"
        TraitItemList@650..652
          LBrace@650..651 "{"
          RBrace@651..652 "}"

