---
source: crates/language-server/src/goto.rs
assertion_line: 153
expression: result
input_file: crates/language-server/test_files/goto.fe
---
struct Foo {}
struct Bar {}

fn main() {
    let x: Foo
    let y: Bar
    let z: baz::Baz
}

mod baz {
   pub struct Baz {}
}
---
cursor position: 64, path: 
cursor position: 82, path: goto::baz::Baz
cursor position: 79, path: 
cursor position: 52, path: goto::Foo
cursor position: 49, path: 
cursor position: 67, path: goto::Bar
