---
source: crates/language-server/src/goto.rs
assertion_line: 198
expression: result
input_file: crates/language-server/test_files/smallest_enclosing.fe
---
struct Foo {}
struct Bar {}

fn main() {
    let x: Foo
    let y: Bar
}
---
cursor position: 64, path: 
cursor position: 52, path: smallest_enclosing::Foo
cursor position: 49, path: 
cursor position: 67, path: smallest_enclosing::Bar
