---
source: crates/hir-analysis/tests/ty_check.rs
expression: res
input_file: crates/hir-analysis/test_files/ty_check/array.fe
---
note: 
   ┌─ array.fe:3:10
   │  
 3 │   fn foo() {
   │ ╭──────────^
 4 │ │     let i_array: [i32; 2] = [1, 2]
 5 │ │     let b_array = [true, false]
 6 │ │     
   · │
 9 │ │     let array_rep3: [i32; 5] = [1; 5]
10 │ │ }
   │ ╰─^ ()

note: 
  ┌─ array.fe:4:9
  │
4 │     let i_array: [i32; 2] = [1, 2]
  │         ^^^^^^^ [i32; 2]

note: 
  ┌─ array.fe:4:29
  │
4 │     let i_array: [i32; 2] = [1, 2]
  │                             ^^^^^^ [i32; 2]

note: 
  ┌─ array.fe:4:30
  │
4 │     let i_array: [i32; 2] = [1, 2]
  │                              ^ i32

note: 
  ┌─ array.fe:4:33
  │
4 │     let i_array: [i32; 2] = [1, 2]
  │                                 ^ i32

note: 
  ┌─ array.fe:5:9
  │
5 │     let b_array = [true, false]
  │         ^^^^^^^ [bool; 2]

note: 
  ┌─ array.fe:5:19
  │
5 │     let b_array = [true, false]
  │                   ^^^^^^^^^^^^^ [bool; 2]

note: 
  ┌─ array.fe:5:20
  │
5 │     let b_array = [true, false]
  │                    ^^^^ bool

note: 
  ┌─ array.fe:5:26
  │
5 │     let b_array = [true, false]
  │                          ^^^^^ bool

note: 
  ┌─ array.fe:7:9
  │
7 │     let array_rep = [true; 10]
  │         ^^^^^^^^^ [bool; 10]

note: 
  ┌─ array.fe:7:21
  │
7 │     let array_rep = [true; 10]
  │                     ^^^^^^^^^^ [bool; 10]

note: 
  ┌─ array.fe:7:22
  │
7 │     let array_rep = [true; 10]
  │                      ^^^^ bool

note: 
  ┌─ array.fe:8:9
  │
8 │     let array_rep2 = [Foo {}; 5]
  │         ^^^^^^^^^^ [Foo; 5]

note: 
  ┌─ array.fe:8:22
  │
8 │     let array_rep2 = [Foo {}; 5]
  │                      ^^^^^^^^^^^ [Foo; 5]

note: 
  ┌─ array.fe:8:23
  │
8 │     let array_rep2 = [Foo {}; 5]
  │                       ^^^^^^ Foo

note: 
  ┌─ array.fe:9:9
  │
9 │     let array_rep3: [i32; 5] = [1; 5]
  │         ^^^^^^^^^^ [i32; 5]

note: 
  ┌─ array.fe:9:32
  │
9 │     let array_rep3: [i32; 5] = [1; 5]
  │                                ^^^^^^ [i32; 5]

note: 
  ┌─ array.fe:9:33
  │
9 │     let array_rep3: [i32; 5] = [1; 5]
  │                                 ^ i32
