---
source: crates/hir-analysis/tests/ty_check.rs
expression: res
input_file: crates/hir-analysis/test_files/ty_check/if_.fe
---
note: 
  ┌─ if_.fe:1:20
  │  
1 │   fn lit_if() -> i32 {
  │ ╭────────────────────^
2 │ │     if true {
3 │ │         1
4 │ │     } else {
5 │ │         2
6 │ │     }
7 │ │ }
  │ ╰─^ i32

note: 
  ┌─ if_.fe:2:5
  │  
2 │ ╭     if true {
3 │ │         1
4 │ │     } else {
5 │ │         2
6 │ │     }
  │ ╰─────^ i32

note: 
  ┌─ if_.fe:2:8
  │
2 │     if true {
  │        ^^^^ bool

note: 
  ┌─ if_.fe:2:13
  │  
2 │       if true {
  │ ╭─────────────^
3 │ │         1
4 │ │     } else {
  │ ╰─────^ i32

note: 
  ┌─ if_.fe:3:9
  │
3 │         1
  │         ^ i32

note: 
  ┌─ if_.fe:4:12
  │  
4 │       } else {
  │ ╭────────────^
5 │ │         2
6 │ │     }
  │ ╰─────^ i32

note: 
  ┌─ if_.fe:5:9
  │
5 │         2
  │         ^ i32

note: 
   ┌─ if_.fe:9:29
   │  
 9 │   fn string_if() -> String<5> {
   │ ╭─────────────────────────────^
10 │ │     if true {
11 │ │         "1"
12 │ │     } else {
13 │ │         "Foo"
14 │ │     }
15 │ │ }
   │ ╰─^ String<5>

note: 
   ┌─ if_.fe:10:5
   │  
10 │ ╭     if true {
11 │ │         "1"
12 │ │     } else {
13 │ │         "Foo"
14 │ │     }
   │ ╰─────^ String<5>

note: 
   ┌─ if_.fe:10:8
   │
10 │     if true {
   │        ^^^^ bool

note: 
   ┌─ if_.fe:10:13
   │  
10 │       if true {
   │ ╭─────────────^
11 │ │         "1"
12 │ │     } else {
   │ ╰─────^ String<5>

note: 
   ┌─ if_.fe:11:9
   │
11 │         "1"
   │         ^^^ String<5>

note: 
   ┌─ if_.fe:12:12
   │  
12 │       } else {
   │ ╭────────────^
13 │ │         "Foo"
14 │ │     }
   │ ╰─────^ String<5>

note: 
   ┌─ if_.fe:13:9
   │
13 │         "Foo"
   │         ^^^^^ String<5>

note: 
   ┌─ if_.fe:18:20
   │  
18 │   fn no_else() -> () {
   │ ╭────────────────────^
19 │ │     let x = if true {
20 │ │         false
21 │ │     }
22 │ │ }
   │ ╰─^ ()

note: 
   ┌─ if_.fe:19:9
   │
19 │     let x = if true {
   │         ^ ()

note: 
   ┌─ if_.fe:19:13
   │  
19 │       let x = if true {
   │ ╭─────────────^
20 │ │         false
21 │ │     }
   │ ╰─────^ ()

note: 
   ┌─ if_.fe:19:16
   │
19 │     let x = if true {
   │                ^^^^ bool

note: 
   ┌─ if_.fe:19:21
   │  
19 │       let x = if true {
   │ ╭─────────────────────^
20 │ │         false
21 │ │     }
   │ ╰─────^ bool

note: 
   ┌─ if_.fe:20:9
   │
20 │         false
   │         ^^^^^ bool

note: 
   ┌─ if_.fe:24:39
   │  
24 │   fn else_if(b1: bool, b2: bool) -> i32 {
   │ ╭───────────────────────────────────────^
25 │ │     if b1 {
26 │ │         1
27 │ │     } else if b2 {
   · │
31 │ │     }
32 │ │ }
   │ ╰─^ i32

note: 
   ┌─ if_.fe:25:5
   │  
25 │ ╭     if b1 {
26 │ │         1
27 │ │     } else if b2 {
28 │ │         2
29 │ │     } else {
30 │ │         3
31 │ │     }
   │ ╰─────^ i32

note: 
   ┌─ if_.fe:25:8
   │
25 │     if b1 {
   │        ^^ bool

note: 
   ┌─ if_.fe:25:11
   │  
25 │       if b1 {
   │ ╭───────────^
26 │ │         1
27 │ │     } else if b2 {
   │ ╰─────^ i32

note: 
   ┌─ if_.fe:26:9
   │
26 │         1
   │         ^ i32

note: 
   ┌─ if_.fe:27:12
   │  
27 │       } else if b2 {
   │ ╭────────────^
28 │ │         2
29 │ │     } else {
30 │ │         3
31 │ │     }
   │ ╰─────^ i32

note: 
   ┌─ if_.fe:27:15
   │
27 │     } else if b2 {
   │               ^^ bool

note: 
   ┌─ if_.fe:27:18
   │  
27 │       } else if b2 {
   │ ╭──────────────────^
28 │ │         2
29 │ │     } else {
   │ ╰─────^ i32

note: 
   ┌─ if_.fe:28:9
   │
28 │         2
   │         ^ i32

note: 
   ┌─ if_.fe:29:12
   │  
29 │       } else {
   │ ╭────────────^
30 │ │         3
31 │ │     }
   │ ╰─────^ i32

note: 
   ┌─ if_.fe:30:9
   │
30 │         3
   │         ^ i32

note: 
   ┌─ if_.fe:34:45
   │  
34 │   fn nested(b1: bool, b2: bool) -> String<10> {
   │ ╭─────────────────────────────────────────────^
35 │ │     if b1 {
36 │ │         "Foo"
37 │ │     } else {
   · │
43 │ │     }
44 │ │ }
   │ ╰─^ String<10>

note: 
   ┌─ if_.fe:35:5
   │  
35 │ ╭     if b1 {
36 │ │         "Foo"
37 │ │     } else {
38 │ │         if b2 {
   · │
42 │ │         }
43 │ │     }
   │ ╰─────^ String<10>

note: 
   ┌─ if_.fe:35:8
   │
35 │     if b1 {
   │        ^^ bool

note: 
   ┌─ if_.fe:35:11
   │  
35 │       if b1 {
   │ ╭───────────^
36 │ │         "Foo"
37 │ │     } else {
   │ ╰─────^ String<10>

note: 
   ┌─ if_.fe:36:9
   │
36 │         "Foo"
   │         ^^^^^ String<10>

note: 
   ┌─ if_.fe:37:12
   │  
37 │       } else {
   │ ╭────────────^
38 │ │         if b2 {
39 │ │             "Bar"
40 │ │         } else {
41 │ │             "Baz"
42 │ │         }
43 │ │     }
   │ ╰─────^ String<10>

note: 
   ┌─ if_.fe:38:9
   │  
38 │ ╭         if b2 {
39 │ │             "Bar"
40 │ │         } else {
41 │ │             "Baz"
42 │ │         }
   │ ╰─────────^ String<10>

note: 
   ┌─ if_.fe:38:12
   │
38 │         if b2 {
   │            ^^ bool

note: 
   ┌─ if_.fe:38:15
   │  
38 │           if b2 {
   │ ╭───────────────^
39 │ │             "Bar"
40 │ │         } else {
   │ ╰─────────^ String<10>

note: 
   ┌─ if_.fe:39:13
   │
39 │             "Bar"
   │             ^^^^^ String<10>

note: 
   ┌─ if_.fe:40:16
   │  
40 │           } else {
   │ ╭────────────────^
41 │ │             "Baz"
42 │ │         }
   │ ╰─────────^ String<10>

note: 
   ┌─ if_.fe:41:13
   │
41 │             "Baz"
   │             ^^^^^ String<10>
