---
source: crates/hir-analysis/tests/ty_check.rs
expression: res
input_file: crates/hir-analysis/test_files/ty_check/index.fe
---
note: 
  ┌─ index.fe:1:21
  │  
1 │   pub fn foo() -> u32 {
  │ ╭─────────────────────^
2 │ │     let x = [10; 3]
3 │ │     x[1]
4 │ │ }
  │ ╰─^ u32

note: 
  ┌─ index.fe:2:9
  │
2 │     let x = [10; 3]
  │         ^ [u32; 3]

note: 
  ┌─ index.fe:2:13
  │
2 │     let x = [10; 3]
  │             ^^^^^^^ [u32; 3]

note: 
  ┌─ index.fe:2:14
  │
2 │     let x = [10; 3]
  │              ^^ u32

note: 
  ┌─ index.fe:3:5
  │
3 │     x[1]
  │     ^ [u32; 3]

note: 
  ┌─ index.fe:3:5
  │
3 │     x[1]
  │     ^^^^ u32

note: 
  ┌─ index.fe:3:7
  │
3 │     x[1]
  │       ^ u256
