---
source: crates/hir-analysis/tests/ty_check.rs
expression: res
input_file: crates/hir-analysis/test_files/ty_check/let_binding.fe
---
note: 
  ┌─ let_binding.fe:1:14
  │  
1 │   pub fn foo() {
  │ ╭──────────────^
2 │ │     let x: i32 = 1
3 │ │     let s = "Foo"
4 │ │ }
  │ ╰─^ ()

note: 
  ┌─ let_binding.fe:2:9
  │
2 │     let x: i32 = 1
  │         ^ i32

note: 
  ┌─ let_binding.fe:2:18
  │
2 │     let x: i32 = 1
  │                  ^ i32

note: 
  ┌─ let_binding.fe:3:9
  │
3 │     let s = "Foo"
  │         ^ String<3>

note: 
  ┌─ let_binding.fe:3:13
  │
3 │     let s = "Foo"
  │             ^^^^^ String<3>
