---
source: crates/hir-analysis/tests/ty_check.rs
expression: res
input_file: crates/hir-analysis/test_files/ty_check/lit_str.fe
---
note: 
  ┌─ lit_str.fe:1:32
  │  
1 │   pub fn lit_str1() -> String<1> {
  │ ╭────────────────────────────────^
2 │ │     "a"
3 │ │ }
  │ ╰─^ String<1>

note: 
  ┌─ lit_str.fe:2:5
  │
2 │     "a"
  │     ^^^ String<1>

note: 
  ┌─ lit_str.fe:5:33
  │  
5 │   pub fn lit_str2() -> String<10> {
  │ ╭─────────────────────────────────^
6 │ │     "abc"
7 │ │ }
  │ ╰─^ String<10>

note: 
  ┌─ lit_str.fe:6:5
  │
6 │     "abc"
  │     ^^^^^ String<10>
