---
source: crates/hir-analysis/tests/ty_check.rs
expression: res
input_file: crates/hir-analysis/test_files/ty_check/shadowing.fe
---
note: 
   ┌─ shadowing.fe:1:17
   │  
 1 │   fn foo() -> i32 {
   │ ╭─────────────────^
 2 │ │     let x = 1 
 3 │ │     
 4 │ │     {
   · │
15 │ │     x
16 │ │ }
   │ ╰─^ i32

note: 
  ┌─ shadowing.fe:2:9
  │
2 │     let x = 1 
  │         ^ i32

note: 
  ┌─ shadowing.fe:2:13
  │
2 │     let x = 1 
  │             ^ i32

note: 
   ┌─ shadowing.fe:4:5
   │  
 4 │ ╭     {
 5 │ │         let x = false
 6 │ │         if x {
 7 │ │             let x = "Hello"
   · │
12 │ │         }
13 │ │     }
   │ ╰─────^ String<5>

note: 
  ┌─ shadowing.fe:5:13
  │
5 │         let x = false
  │             ^ bool

note: 
  ┌─ shadowing.fe:5:17
  │
5 │         let x = false
  │                 ^^^^^ bool

note: 
   ┌─ shadowing.fe:6:9
   │  
 6 │ ╭         if x {
 7 │ │             let x = "Hello"
 8 │ │             x
 9 │ │         } else {
10 │ │             let x = "Hi"
11 │ │             x
12 │ │         }
   │ ╰─────────^ String<5>

note: 
  ┌─ shadowing.fe:6:12
  │
6 │         if x {
  │            ^ bool

note: 
  ┌─ shadowing.fe:6:14
  │  
6 │           if x {
  │ ╭──────────────^
7 │ │             let x = "Hello"
8 │ │             x
9 │ │         } else {
  │ ╰─────────^ String<5>

note: 
  ┌─ shadowing.fe:7:17
  │
7 │             let x = "Hello"
  │                 ^ String<5>

note: 
  ┌─ shadowing.fe:7:21
  │
7 │             let x = "Hello"
  │                     ^^^^^^^ String<5>

note: 
  ┌─ shadowing.fe:8:13
  │
8 │             x
  │             ^ String<5>

note: 
   ┌─ shadowing.fe:9:16
   │  
 9 │           } else {
   │ ╭────────────────^
10 │ │             let x = "Hi"
11 │ │             x
12 │ │         }
   │ ╰─────────^ String<5>

note: 
   ┌─ shadowing.fe:10:17
   │
10 │             let x = "Hi"
   │                 ^ String<5>

note: 
   ┌─ shadowing.fe:10:21
   │
10 │             let x = "Hi"
   │                     ^^^^ String<5>

note: 
   ┌─ shadowing.fe:11:13
   │
11 │             x
   │             ^ String<5>

note: 
   ┌─ shadowing.fe:15:5
   │
15 │     x
   │     ^ i32

note: 
   ┌─ shadowing.fe:19:17
   │  
19 │   fn bar() -> i32 {
   │ ╭─────────────────^
20 │ │     let bar = 1
21 │ │     bar
22 │ │ }
   │ ╰─^ i32

note: 
   ┌─ shadowing.fe:20:9
   │
20 │     let bar = 1
   │         ^^^ i32

note: 
   ┌─ shadowing.fe:20:15
   │
20 │     let bar = 1
   │               ^ i32

note: 
   ┌─ shadowing.fe:21:5
   │
21 │     bar
   │     ^^^ i32
