---
source: crates/parser2/tests/error_recovery.rs
expression: node
input_file: crates/parser2/test_files/error_recovery/items/impl_.fe
---
Root@0..56
  ItemList@0..56
    Item@0..37
      Impl@0..37
        ImplKw@0..4 "impl"
        WhiteSpace@4..5 " "
        PathType@5..17
          Path@5..8
            PathSegment@5..8
              Ident@5..8 "Foo"
          GenericArgList@8..17
            Lt@8..9 "<"
            TypeGenericArg@9..10
              PathType@9..10
                Path@9..10
                  PathSegment@9..10
                    Ident@9..10 "T"
            Comma@10..11 ","
            WhiteSpace@11..12 " "
            Newline@12..13 "\n"
            WhiteSpace@13..17 "    "
            TypeGenericArg@17..17
              PathType@17..17
                Path@17..17
                  PathSegment@17..17
        WhereClause@17..33
          WhereKw@17..22 "where"
          WhiteSpace@22..23 " "
          WherePredicate@23..33
            PathType@23..24
              Path@23..24
                PathSegment@23..24
                  Ident@23..24 "T"
            TypeBoundList@24..33
              Colon@24..25 ":"
              WhiteSpace@25..26 " "
              TypeBound@26..33
                TraitRef@26..33
                  Path@26..33
                    PathSegment@26..33
                      Ident@26..33 "Integer"
        Newline@33..34 "\n"
        ImplItemList@34..37
          LBrace@34..35 "{"
          WhiteSpace@35..36 " "
          RBrace@36..37 "}"
    Newline@37..39 "\n\n"
    Item@39..56
      Impl@39..56
        ImplKw@39..43 "impl"
        WhiteSpace@43..44 " "
        PathType@44..52
          Path@44..52
            PathSegment@44..52
              Ident@44..47 "Foo"
              GenericArgList@47..52
                Lt@47..48 "<"
                TypeGenericArg@48..49
                  PathType@48..49
                    Path@48..49
                      PathSegment@48..49
                        Ident@48..49 "T"
                Comma@49..50 ","
                WhiteSpace@50..51 " "
                Gt@51..52 ">"
        Newline@52..53 "\n"
        ImplItemList@53..56
          LBrace@53..54 "{"
          WhiteSpace@54..55 " "
          RBrace@55..56 "}"

